  Determining projects to restore...
  All projects are up-to-date for restore.
  /usr/bin/sh: 2: /tmp/MSBuildTemphlemVX/tmpa62fdb4d4e45410a88145cb0af16fe50.exec.cmd: /home/jules/.nuget/packages/microsoft.windowsappsdk.winui/2.3.6/buildTransitive/../tools/net6.0/../net472/XamlCompiler.exe: Exec format error
/home/jules/.nuget/packages/microsoft.windowsappsdk.winui/2.3.6/buildTransitive/Microsoft.UI.Xaml.Markup.Compiler.interop.targets(609,9): error : XamlCompiler output file "obj/Debug/net10.0-windows10.0.26100.0/win-x64/output.json" was not created. The XAML compiler may have crashed. [/app/Easy Copier/Easy Copier.csproj]

Build FAILED.

/home/jules/.nuget/packages/microsoft.windowsappsdk.winui/2.3.6/buildTransitive/Microsoft.UI.Xaml.Markup.Compiler.interop.targets(609,9): error : XamlCompiler output file "obj/Debug/net10.0-windows10.0.26100.0/win-x64/output.json" was not created. The XAML compiler may have crashed. [/app/Easy Copier/Easy Copier.csproj]
    0 Warning(s)
    1 Error(s)

Time Elapsed 00:00:02.23
